node_modules/@types/request/index.d.ts(389,84): error TS2724: '"C:/projects/tutiendaweb-Public/otra version/TuTiendaWeb-public/node_modules/tough-cookie/dist/cookie/index"' has no exported member named 'CookieJar'. Did you mean 'Cookie'?
node_modules/gaxios/build/src/gaxios.d.ts(6,5): error TS18028: Private identifiers are only available when targeting ECMAScript 2015 and higher.
node_modules/google-auth-library/build/src/auth/awsclient.d.ts(84,5): error TS18028: Private identifiers are only available when targeting ECMAScript 2015 and higher.
node_modules/google-auth-library/build/src/auth/baseexternalclient.d.ts(176,5): error TS18028: Private identifiers are only available when targeting ECMAScript 2015 and higher.
node_modules/google-auth-library/build/src/auth/googleauth.d.ts(90,5): error TS18028: Private identifiers are only available when targeting ECMAScript 2015 and higher.
node_modules/google-auth-library/build/src/util.d.ts(134,5): error TS18028: Private identifiers are only available when targeting ECMAScript 2015 and higher.
node_modules/gtoken/build/src/index.d.ts(38,5): error TS18028: Private identifiers are only available when targeting ECMAScript 2015 and higher.
node_modules/react-hook-form/dist/form.d.ts(1,8): error TS1259: Module '"C:/projects/tutiendaweb-Public/otra version/TuTiendaWeb-public/node_modules/@types/react/index"' can only be default-imported using the 'esModuleInterop' flag
node_modules/react-hook-form/dist/types/controller.d.ts(1,13): error TS1259: Module '"C:/projects/tutiendaweb-Public/otra version/TuTiendaWeb-public/node_modules/@types/react/index"' can only be default-imported using the 'esModuleInterop' flag
node_modules/react-hook-form/dist/types/form.d.ts(1,13): error TS1259: Module '"C:/projects/tutiendaweb-Public/otra version/TuTiendaWeb-public/node_modules/@types/react/index"' can only be default-imported using the 'esModuleInterop' flag
node_modules/react-hook-form/dist/useFormContext.d.ts(1,8): error TS1259: Module '"C:/projects/tutiendaweb-Public/otra version/TuTiendaWeb-public/node_modules/@types/react/index"' can only be default-imported using the 'esModuleInterop' flag
node_modules/sonner/dist/index.d.ts(1,8): error TS1259: Module '"C:/projects/tutiendaweb-Public/otra version/TuTiendaWeb-public/node_modules/@types/react/index"' can only be default-imported using the 'esModuleInterop' flag
src/features/products/actions/category.actions.ts(4,34): error TS2307: Cannot find module '@/lib/auth/server-session' or its corresponding type declarations.
src/features/products/actions/category.actions.ts(5,25): error TS2307: Cannot find module '@/lib/firebase/admin' or its corresponding type declarations.
src/features/products/actions/tag.actions.ts(4,34): error TS2307: Cannot find module '@/lib/auth/server-session' or its corresponding type declarations.
src/features/products/actions/tag.actions.ts(5,25): error TS2307: Cannot find module '@/lib/firebase/admin' or its corresponding type declarations.
src/features/products/forms/product-form.tsx(3,8): error TS1259: Module '"C:/projects/tutiendaweb-Public/otra version/TuTiendaWeb-public/node_modules/@types/react/index"' can only be default-imported using the 'esModuleInterop' flag
src/features/products/forms/product-form.tsx(7,56): error TS2307: Cannot find module '@/shared/types/firebase.types' or its corresponding type declarations.
src/features/products/forms/product-form.tsx(212,9): error TS17004: Cannot use JSX unless the '--jsx' flag is provided.
src/features/products/forms/product-form.tsx(213,13): error TS17004: Cannot use JSX unless the '--jsx' flag is provided.
src/features/products/forms/product-form.tsx(214,17): error TS17004: Cannot use JSX unless the '--jsx' flag is provided.
src/features/products/forms/product-form.tsx(217,17): error TS17004: Cannot use JSX unless the '--jsx' flag is provided.
src/features/products/forms/product-form.tsx(218,21): error TS17004: Cannot use JSX unless the '--jsx' flag is provided.
src/features/products/forms/product-form.tsx(222,13): error TS17004: Cannot use JSX unless the '--jsx' flag is provided.
src/features/products/forms/product-form.tsx(224,17): error TS17004: Cannot use JSX unless the '--jsx' flag is provided.
src/features/products/forms/product-form.tsx(225,21): error TS17004: Cannot use JSX unless the '--jsx' flag is provided.
src/features/products/forms/product-form.tsx(226,21): error TS17004: Cannot use JSX unless the '--jsx' flag is provided.
src/features/products/forms/product-form.tsx(227,25): error TS17004: Cannot use JSX unless the '--jsx' flag is provided.
src/features/products/forms/product-form.tsx(228,29): error TS17004: Cannot use JSX unless the '--jsx' flag is provided.
src/features/products/forms/product-form.tsx(229,29): error TS17004: Cannot use JSX unless the '--jsx' flag is provided.
src/features/products/forms/product-form.tsx(235,45): error TS17004: Cannot use JSX unless the '--jsx' flag is provided.
src/features/products/forms/product-form.tsx(237,25): error TS17004: Cannot use JSX unless the '--jsx' flag is provided.
src/features/products/forms/product-form.tsx(238,29): error TS17004: Cannot use JSX unless the '--jsx' flag is provided.
src/features/products/forms/product-form.tsx(239,29): error TS17004: Cannot use JSX unless the '--jsx' flag is provided.
src/features/products/forms/product-form.tsx(250,17): error TS17004: Cannot use JSX unless the '--jsx' flag is provided.
src/features/products/forms/product-form.tsx(251,21): error TS17004: Cannot use JSX unless the '--jsx' flag is provided.
src/features/products/forms/product-form.tsx(252,25): error TS17004: Cannot use JSX unless the '--jsx' flag is provided.
src/features/products/forms/product-form.tsx(253,25): error TS17004: Cannot use JSX unless the '--jsx' flag is provided.
src/features/products/forms/product-form.tsx(254,29): error TS17004: Cannot use JSX unless the '--jsx' flag is provided.
src/features/products/forms/product-form.tsx(255,29): error TS17004: Cannot use JSX unless the '--jsx' flag is provided.
src/features/products/forms/product-form.tsx(263,42): error TS17004: Cannot use JSX unless the '--jsx' flag is provided.
src/features/products/forms/product-form.tsx(265,21): error TS17004: Cannot use JSX unless the '--jsx' flag is provided.
src/features/products/forms/product-form.tsx(266,25): error TS17004: Cannot use JSX unless the '--jsx' flag is provided.
src/features/products/forms/product-form.tsx(267,25): error TS17004: Cannot use JSX unless the '--jsx' flag is provided.
src/features/products/forms/product-form.tsx(268,29): error TS17004: Cannot use JSX unless the '--jsx' flag is provided.
src/features/products/forms/product-form.tsx(272,37): error TS17004: Cannot use JSX unless the '--jsx' flag is provided.
src/features/products/forms/product-form.tsx(276,41): error TS17004: Cannot use JSX unless the '--jsx' flag is provided.
src/features/products/forms/product-form.tsx(278,45): error TS17004: Cannot use JSX unless the '--jsx' flag is provided.
src/features/products/forms/product-form.tsx(283,29): error TS17004: Cannot use JSX unless the '--jsx' flag is provided.
src/features/products/forms/product-form.tsx(288,33): error TS17004: Cannot use JSX unless the '--jsx' flag is provided.
src/features/products/forms/product-form.tsx(291,47): error TS17004: Cannot use JSX unless the '--jsx' flag is provided.
src/features/products/forms/product-form.tsx(294,29): error TS17004: Cannot use JSX unless the '--jsx' flag is provided.
src/features/products/forms/product-form.tsx(295,33): error TS17004: Cannot use JSX unless the '--jsx' flag is provided.
src/features/products/forms/product-form.tsx(302,33): error TS17004: Cannot use JSX unless the '--jsx' flag is provided.
src/features/products/forms/product-form.tsx(315,17): error TS17004: Cannot use JSX unless the '--jsx' flag is provided.
src/features/products/forms/product-form.tsx(316,21): error TS17004: Cannot use JSX unless the '--jsx' flag is provided.
src/features/products/forms/product-form.tsx(317,21): error TS17004: Cannot use JSX unless the '--jsx' flag is provided.
src/features/products/forms/product-form.tsx(319,29): error TS17004: Cannot use JSX unless the '--jsx' flag is provided.
src/features/products/forms/product-form.tsx(320,33): error TS17004: Cannot use JSX unless the '--jsx' flag is provided.
src/features/products/forms/product-form.tsx(321,33): error TS17004: Cannot use JSX unless the '--jsx' flag is provided.
src/features/products/forms/product-form.tsx(326,37): error TS17004: Cannot use JSX unless the '--jsx' flag is provided.
src/features/products/forms/product-form.tsx(331,29): error TS17004: Cannot use JSX unless the '--jsx' flag is provided.
src/features/products/forms/product-form.tsx(332,33): error TS17004: Cannot use JSX unless the '--jsx' flag is provided.
src/features/products/forms/product-form.tsx(333,33): error TS17004: Cannot use JSX unless the '--jsx' flag is provided.
src/features/products/forms/product-form.tsx(338,37): error TS17004: Cannot use JSX unless the '--jsx' flag is provided.
src/features/products/forms/product-form.tsx(342,25): error TS17004: Cannot use JSX unless the '--jsx' flag is provided.
src/features/products/forms/product-form.tsx(343,29): error TS17004: Cannot use JSX unless the '--jsx' flag is provided.
src/features/products/forms/product-form.tsx(344,29): error TS17004: Cannot use JSX unless the '--jsx' flag is provided.
src/features/products/forms/product-form.tsx(345,29): error TS17004: Cannot use JSX unless the '--jsx' flag is provided.
src/features/products/forms/product-form.tsx(351,17): error TS17004: Cannot use JSX unless the '--jsx' flag is provided.
src/features/products/forms/product-form.tsx(353,21): error TS17004: Cannot use JSX unless the '--jsx' flag is provided.
src/features/products/forms/product-form.tsx(354,25): error TS17004: Cannot use JSX unless the '--jsx' flag is provided.
src/features/products/forms/product-form.tsx(355,25): error TS17004: Cannot use JSX unless the '--jsx' flag is provided.
src/features/products/forms/product-form.tsx(357,33): error TS17004: Cannot use JSX unless the '--jsx' flag is provided.
src/features/products/forms/product-form.tsx(358,37): error TS17004: Cannot use JSX unless the '--jsx' flag is provided.
src/features/products/forms/product-form.tsx(359,37): error TS17004: Cannot use JSX unless the '--jsx' flag is provided.
src/features/products/forms/product-form.tsx(360,41): error TS17004: Cannot use JSX unless the '--jsx' flag is provided.
src/features/products/forms/product-form.tsx(361,41): error TS17004: Cannot use JSX unless the '--jsx' flag is provided.
src/features/products/forms/product-form.tsx(362,45): error TS17004: Cannot use JSX unless the '--jsx' flag is provided.
src/features/products/forms/product-form.tsx(367,29): error TS17004: Cannot use JSX unless the '--jsx' flag is provided.
src/features/products/forms/product-form.tsx(368,33): error TS17004: Cannot use JSX unless the '--jsx' flag is provided.
src/features/products/forms/product-form.tsx(375,33): error TS17004: Cannot use JSX unless the '--jsx' flag is provided.
src/features/products/forms/product-form.tsx(382,33): error TS17004: Cannot use JSX unless the '--jsx' flag is provided.
src/features/products/forms/product-form.tsx(387,37): error TS17004: Cannot use JSX unless the '--jsx' flag is provided.
src/features/products/forms/product-form.tsx(394,21): error TS17004: Cannot use JSX unless the '--jsx' flag is provided.
src/features/products/forms/product-form.tsx(395,25): error TS17004: Cannot use JSX unless the '--jsx' flag is provided.
src/features/products/forms/product-form.tsx(396,25): error TS17004: Cannot use JSX unless the '--jsx' flag is provided.
src/features/products/forms/product-form.tsx(400,37): error TS17004: Cannot use JSX unless the '--jsx' flag is provided.
src/features/products/forms/product-form.tsx(402,41): error TS17004: Cannot use JSX unless the '--jsx' flag is provided.
src/features/products/forms/product-form.tsx(403,45): error TS17004: Cannot use JSX unless the '--jsx' flag is provided.
src/features/products/forms/product-form.tsx(409,25): error TS17004: Cannot use JSX unless the '--jsx' flag is provided.
src/features/products/forms/product-form.tsx(410,29): error TS17004: Cannot use JSX unless the '--jsx' flag is provided.
src/features/products/forms/product-form.tsx(417,29): error TS17004: Cannot use JSX unless the '--jsx' flag is provided.
src/features/products/forms/product-form.tsx(422,33): error TS17004: Cannot use JSX unless the '--jsx' flag is provided.
src/features/products/forms/product-form.tsx(425,25): error TS17004: Cannot use JSX unless the '--jsx' flag is provided.
src/features/products/forms/product-form.tsx(427,33): error TS17004: Cannot use JSX unless the '--jsx' flag is provided.
src/features/products/forms/product-form.tsx(441,17): error TS17004: Cannot use JSX unless the '--jsx' flag is provided.
src/features/products/forms/product-form.tsx(442,21): error TS17004: Cannot use JSX unless the '--jsx' flag is provided.
src/features/products/forms/product-form.tsx(449,21): error TS17004: Cannot use JSX unless the '--jsx' flag is provided.
src/features/products/forms/product-form.tsx(455,29): error TS17004: Cannot use JSX unless the '--jsx' flag is provided.
src/features/products/forms/product-form.tsx(456,33): error TS17004: Cannot use JSX unless the '--jsx' flag is provided.
src/features/products/forms/product-form.tsx(460,29): error TS17004: Cannot use JSX unless the '--jsx' flag is provided.
src/features/products/forms/product-form.tsx(461,33): error TS17004: Cannot use JSX unless the '--jsx' flag is provided.
